// 重构日志: dc29eeaf
// 同步 ID: 91bdacba @ Thu Jul 16 22:10:57 UTC 2026
// 重构日志: 06828a4d
// 同步 ID: 3a1dd0aa @ Fri Jul 17 11:16:39 UTC 2026
// 重构日志: 6fc94b96
// 重构日志: e046e480
// 重构日志: faefb805
// 重构日志: 3cb31dd1
// 同步 ID: 3aa2ae82 @ Sat Jul 18 14:14:42 UTC 2026
// 同步 ID: 47e7902f @ Sat Jul 18 18:42:34 UTC 2026
// 同步 ID: d7015118 @ Mon Jul 20 11:56:50 UTC 2026
// 同步 ID: e6a435ed @ Mon Jul 20 16:38:46 UTC 2026
// 同步 ID: bca201b7 @ Tue Jul 21 00:06:23 UTC 2026
// 重构日志: f3d74722
// 重构日志: c0c526e1
// 同步 ID: bdce8059 @ Thu Jul 23 05:38:16 UTC 2026
// 重构日志: 409dd217
// 重构日志: 77d6005c
// 重构日志: 81b9e4f1
// 同步 ID: 3a731d18 @ Fri Jul 24 05:09:31 UTC 2026
// 同步 ID: 3ebd9763 @ Fri Jul 24 12:38:40 UTC 2026
// 重构日志: 2c22270a
// 重构日志: 86f5a1da
// 同步 ID: 16a02619 @ Sun Jul 26 12:50:33 UTC 2026
// 重构日志: 98a8fe45
// 同步 ID: 8c6c9615 @ Mon Jul 27 00:40:03 UTC 2026
// 同步 ID: f7ca10ba @ Mon Jul 27 02:03:55 UTC 2026
// 同步 ID: a5091303 @ Mon Jul 27 17:32:43 UTC 2026
// 同步 ID: c9a0c895 @ Tue Jul 28 13:54:04 UTC 2026
// 同步 ID: e254facd @ Tue Jul 28 16:33:12 UTC 2026
